C51 COMPILER V9.54   TIMER                                                                 10/04/2024 10:01:51 PAGE 1   


C51 COMPILER V9.54, COMPILATION OF MODULE TIMER
OBJECT MODULE PLACED IN .\Objects\Timer.obj
COMPILER INVOKED BY: C:\Keil_v5\C51\BIN\C51.EXE ..\LIBRARY\Timer\Timer.c OPTIMIZE(8,SPEED) BROWSE DEBUG OBJECTEXTEND PRI
                    -NT(.\Listings\Timer.lst) TABS(2) OBJECT(.\Objects\Timer.obj)

line level    source

   1          #include <REGX51.H>
   2          #include <INTRINS.h>
   3          void Timer0_Init()    //@11.0592MHz
   4          {     
   5   1        TMOD &= 0xF0;     
   6   1        TMOD |= 0x01;     
   7   1        TL0 = 0x66;       
   8   1        TH0 = 0xFC;       
   9   1        TF0 = 0;        
  10   1        TR0 = 1;  
  11   1        ET0 = 1;
  12   1        EA  = 1;
  13   1        PT0 = 0;
  14   1      }
  15          /*
  16          void Timer0_Routine() interrupt 1
  17          {
  18            static unsigned int T0Count;
  19            TL0 = 0xCD;
  20            TH0 = 0xD4;
  21            T0Count++;
  22            if (T0Count>=1000)
  23              {
  24                T0Count=0;
  25              }
  26          }
  27          */


MODULE INFORMATION:   STATIC OVERLAYABLE
   CODE SIZE        =     23    ----
   CONSTANT SIZE    =   ----    ----
   XDATA SIZE       =   ----    ----
   PDATA SIZE       =   ----    ----
   DATA SIZE        =   ----    ----
   IDATA SIZE       =   ----    ----
   BIT SIZE         =   ----    ----
END OF MODULE INFORMATION.


C51 COMPILATION COMPLETE.  0 WARNING(S),  0 ERROR(S)
